[INFO] Scanning for projects...
[INFO]
[INFO] ----------------------< br.org.cadi:cadi-backend >----------------------
[INFO] Building cadi-backend 0.0.1-SNAPSHOT
[INFO]   from pom.xml
[INFO] --------------------------------[ jar ]---------------------------------
[INFO]
[INFO] --- resources:3.3.1:resources (default-resources) @ cadi-backend ---
[INFO] Copying 1 resource from src/main/resources to target/classes
[INFO] Copying 0 resource from src/main/resources to target/classes
[INFO]
[INFO] --- compiler:3.11.0:compile (default-compile) @ cadi-backend ---
[INFO] Nothing to compile - all classes are up to date
[INFO]
[INFO] --- resources:3.3.1:testResources (default-testResources) @ cadi-backend ---
[INFO] skip non existing resourceDirectory /app/src/test/resources
[INFO]
[INFO] --- compiler:3.11.0:testCompile (default-testCompile) @ cadi-backend ---
[INFO] Nothing to compile - all classes are up to date
[INFO]
[INFO] --- surefire:3.1.2:test (default-test) @ cadi-backend ---
[INFO] Using auto detected provider org.apache.maven.surefire.junitplatform.JUnitPlatformProvider
[INFO]
[INFO] -------------------------------------------------------
[INFO]  T E S T S
[INFO] -------------------------------------------------------
[INFO] Running br.org.cadi.CadiApplicationTests
17:01:50.932 [main] INFO org.springframework.test.context.support.AnnotationConfigContextLoaderUtils -- Could not detect default configuration classes for test class [br.org.cadi.CadiApplicationTests]: CadiApplicationTests does not declare any static, non-private, non-final, nested classes annotated with @Configuration.
17:01:51.046 [main] INFO org.springframework.boot.test.context.SpringBootTestContextBootstrapper -- Found @SpringBootConfiguration br.org.cadi.CadiApplication for test class br.org.cadi.CadiApplicationTests

  .   ____          _            __ _ _
 /\\ / ___'_ __ _ _(_)_ __  __ _ \ \ \ \
( ( )\___ | '_ | '_| | '_ \/ _` | \ \ \ \
 \\/  ___)| |_)| | | | | || (_| |  ) ) ) )
  '  |____| .__|_| |_|_| |_\__, | / / / /
 =========|_|==============|___/=/_/_/_/
 :: Spring Boot ::                (v3.2.3)

2026-02-27T17:01:51.512Z  INFO 34409 --- [cadi-backend] [           main] br.org.cadi.CadiApplicationTests         : Starting CadiApplicationTests using Java 21.0.9 with PID 34409 (started by jules in /app)
2026-02-27T17:01:51.514Z  INFO 34409 --- [cadi-backend] [           main] br.org.cadi.CadiApplicationTests         : No active profile set, falling back to 1 default profile: "default"
2026-02-27T17:01:52.644Z  INFO 34409 --- [cadi-backend] [           main] .s.d.r.c.RepositoryConfigurationDelegate : Bootstrapping Spring Data JPA repositories in DEFAULT mode.
2026-02-27T17:01:52.755Z  INFO 34409 --- [cadi-backend] [           main] .s.d.r.c.RepositoryConfigurationDelegate : Finished Spring Data repository scanning in 102 ms. Found 13 JPA repository interfaces.
2026-02-27T17:01:53.445Z  INFO 34409 --- [cadi-backend] [           main] o.hibernate.jpa.internal.util.LogHelper  : HHH000204: Processing PersistenceUnitInfo [name: default]
2026-02-27T17:01:53.500Z  INFO 34409 --- [cadi-backend] [           main] org.hibernate.Version                    : HHH000412: Hibernate ORM core version 6.4.4.Final
2026-02-27T17:01:53.533Z  INFO 34409 --- [cadi-backend] [           main] o.h.c.internal.RegionFactoryInitiator    : HHH000026: Second-level cache disabled
2026-02-27T17:01:53.763Z  INFO 34409 --- [cadi-backend] [           main] o.s.o.j.p.SpringPersistenceUnitInfo      : No LoadTimeWeaver setup: ignoring JPA class transformer
2026-02-27T17:01:53.789Z  INFO 34409 --- [cadi-backend] [           main] com.zaxxer.hikari.HikariDataSource       : HikariPool-1 - Starting...
2026-02-27T17:01:53.980Z  INFO 34409 --- [cadi-backend] [           main] com.zaxxer.hikari.pool.HikariPool        : HikariPool-1 - Added connection conn0: url=jdbc:h2:mem:cadidb user=SA
2026-02-27T17:01:53.982Z  INFO 34409 --- [cadi-backend] [           main] com.zaxxer.hikari.HikariDataSource       : HikariPool-1 - Start completed.
2026-02-27T17:01:54.007Z  WARN 34409 --- [cadi-backend] [           main] org.hibernate.orm.deprecation            : HHH90000025: H2Dialect does not need to be specified explicitly using 'hibernate.dialect' (remove the property setting and it will be selected by default)
2026-02-27T17:01:55.309Z  INFO 34409 --- [cadi-backend] [           main] o.h.e.t.j.p.i.JtaPlatformInitiator       : HHH000489: No JTA platform available (set 'hibernate.transaction.jta.platform' to enable JTA platform integration)
Hibernate: create table aulas (id bigint generated by default as identity, date_time timestamp(6), topic varchar(255), turma_id bigint not null, primary key (id))
Hibernate: create table financial_transactions (id bigint generated by default as identity, date_time timestamp(6), description varchar(255), receipt_url varchar(255), type varchar(255) check (type in ('INCOME','EXPENSE')), transaction_value numeric(38,2), person_id bigint, project_id bigint, primary key (id))
Hibernate: create table matriculas (id bigint generated by default as identity, enrollment_date date, status varchar(255), student_id bigint not null, turma_id bigint not null, primary key (id))
Hibernate: create table mural_post_roles (post_id bigint not null, role_id bigint not null, primary key (post_id, role_id))
Hibernate: create table mural_post_turmas (post_id bigint not null, turma_id bigint not null, primary key (post_id, turma_id))
Hibernate: create table mural_posts (id bigint generated by default as identity, content varchar(2000) not null, created_at timestamp(6), global boolean not null, image_url varchar(255), title varchar(255) not null, author_id bigint, primary key (id))
Hibernate: create table notification_users (id bigint generated by default as identity, read boolean not null, read_at timestamp(6), sent_whats_app boolean not null, notification_id bigint not null, user_id bigint not null, primary key (id))
Hibernate: create table notifications (id bigint generated by default as identity, created_at timestamp(6), message varchar(1000) not null, title varchar(255) not null, type varchar(255), sender_id bigint, primary key (id))
Hibernate: create table people (id bigint generated by default as identity, birth_date date, city varchar(255), complement varchar(255), cpf varchar(255), email varchar(255), name varchar(255) not null, neighborhood varchar(255), number varchar(255), phone varchar(255), state varchar(255), street varchar(255), type varchar(255) check (type in ('STUDENT','PROFESSOR','DONOR','VOLUNTEER','STAFF','PSYCHOLOGIST')), zip_code varchar(255), user_id bigint, primary key (id))
Hibernate: create table presencas (id bigint generated by default as identity, observation varchar(255), present boolean not null, aula_id bigint not null, student_id bigint not null, primary key (id))
Hibernate: create table projects (id bigint generated by default as identity, active boolean not null, description varchar(255), financial_goal numeric(38,2), name varchar(255) not null, primary key (id))
Hibernate: create table prontuarios (id bigint generated by default as identity, confidential_code varchar(255), created_at timestamp(6), notes varchar(4000) not null, patient_id bigint not null, psychologist_id bigint not null, primary key (id))
Hibernate: create table roles (id bigint generated by default as identity, name varchar(255) not null, primary key (id))
Hibernate: create table turmas (id bigint generated by default as identity, active boolean not null, description varchar(255), name varchar(255) not null, schedule varchar(255), professor_id bigint, primary key (id))
Hibernate: create table user_roles (user_id bigint not null, role_id bigint not null, primary key (user_id, role_id))
Hibernate: create table users (id bigint generated by default as identity, email varchar(255) not null, password varchar(255) not null, username varchar(255) not null, primary key (id))
Hibernate: alter table if exists people drop constraint if exists UK_s4rpi4i4tdlpq5cho9d6r5t1r
Hibernate: alter table if exists people add constraint UK_s4rpi4i4tdlpq5cho9d6r5t1r unique (cpf)
Hibernate: alter table if exists people drop constraint if exists UK_sw73blrfiqs1etfk8qecdieyx
Hibernate: alter table if exists people add constraint UK_sw73blrfiqs1etfk8qecdieyx unique (email)
Hibernate: alter table if exists people drop constraint if exists UK_av66guy6x8qkjf1npcjm8de25
Hibernate: alter table if exists people add constraint UK_av66guy6x8qkjf1npcjm8de25 unique (user_id)
Hibernate: alter table if exists roles drop constraint if exists UK_ofx66keruapi6vyqpv6f2or37
Hibernate: alter table if exists roles add constraint UK_ofx66keruapi6vyqpv6f2or37 unique (name)
Hibernate: alter table if exists users drop constraint if exists UK_6dotkott2kjsp8vw4d0m25fb7
Hibernate: alter table if exists users add constraint UK_6dotkott2kjsp8vw4d0m25fb7 unique (email)
Hibernate: alter table if exists users drop constraint if exists UK_r43af9ap4edm43mmtq01oddj6
Hibernate: alter table if exists users add constraint UK_r43af9ap4edm43mmtq01oddj6 unique (username)
Hibernate: alter table if exists aulas add constraint FKgtanuvhil4ulx4x2xbh2010ug foreign key (turma_id) references turmas
Hibernate: alter table if exists financial_transactions add constraint FKeq3h3k3yb93kkfd82l7jwgqi8 foreign key (person_id) references people
Hibernate: alter table if exists financial_transactions add constraint FK1ox9s6is545rshdjyflphfiiq foreign key (project_id) references projects
Hibernate: alter table if exists matriculas add constraint FK9ltofvfdrx4oqigdyiuga6kyf foreign key (student_id) references people
Hibernate: alter table if exists matriculas add constraint FK1o9091wci3fkpenss0fj38w3a foreign key (turma_id) references turmas
Hibernate: alter table if exists mural_post_roles add constraint FKhedxsryss9rdbpel5pqsnflxi foreign key (role_id) references roles
Hibernate: alter table if exists mural_post_roles add constraint FKrv8mxsjypkqvyargcjhxu74xl foreign key (post_id) references mural_posts
Hibernate: alter table if exists mural_post_turmas add constraint FKp9e56sv7lsg961gghh8m2tjx8 foreign key (turma_id) references turmas
Hibernate: alter table if exists mural_post_turmas add constraint FKjqvyapyfkgl9fuyl6tdd6fcr4 foreign key (post_id) references mural_posts
Hibernate: alter table if exists mural_posts add constraint FK3k6sbffvmvlyxu1eeaqsakq7x foreign key (author_id) references users
Hibernate: alter table if exists notification_users add constraint FKg8k54m3hj2oj4cal9ekcd6cuo foreign key (notification_id) references notifications
Hibernate: alter table if exists notification_users add constraint FK2t7gew0g9cmcmtimfjvh4h85j foreign key (user_id) references users
Hibernate: alter table if exists notifications add constraint FK13vcnq3ukas06ho1yrbc5lrb5 foreign key (sender_id) references users
Hibernate: alter table if exists people add constraint FKmdhygj3uwkwcfqns9mu1htoi5 foreign key (user_id) references users
Hibernate: alter table if exists presencas add constraint FKmouhi6hefh2998sjnbjkgwbhp foreign key (aula_id) references aulas
Hibernate: alter table if exists presencas add constraint FKnm1nsifg0jhtbdtqo9dcvgc7f foreign key (student_id) references people
Hibernate: alter table if exists prontuarios add constraint FKpw946o1bmngd493bijs947fdx foreign key (patient_id) references people
Hibernate: alter table if exists prontuarios add constraint FK5p67hj8x7c247wjvrr2t4vm30 foreign key (psychologist_id) references people
Hibernate: alter table if exists turmas add constraint FKf8w2rd8ew79pojrnurfuab720 foreign key (professor_id) references people
Hibernate: alter table if exists user_roles add constraint FKh8ciramu9cc9q3qcqiv4ue8a6 foreign key (role_id) references roles
Hibernate: alter table if exists user_roles add constraint FKhfh9dx7w3ubf1co1vdev94g3f foreign key (user_id) references users
2026-02-27T17:01:55.442Z  INFO 34409 --- [cadi-backend] [           main] j.LocalContainerEntityManagerFactoryBean : Initialized JPA EntityManagerFactory for persistence unit 'default'
2026-02-27T17:01:56.127Z  INFO 34409 --- [cadi-backend] [           main] o.s.d.j.r.query.QueryEnhancerFactory     : Hibernate is in classpath; If applicable, HQL parser will be used.
2026-02-27T17:01:57.124Z  WARN 34409 --- [cadi-backend] [           main] JpaBaseConfiguration$JpaWebConfiguration : spring.jpa.open-in-view is enabled by default. Therefore, database queries may be performed during view rendering. Explicitly configure spring.jpa.open-in-view to disable this warning
2026-02-27T17:01:57.453Z  INFO 34409 --- [cadi-backend] [           main] o.s.s.web.DefaultSecurityFilterChain     : Will secure any request with [org.springframework.security.web.session.DisableEncodeUrlFilter@3c8802cf, org.springframework.security.web.context.request.async.WebAsyncManagerIntegrationFilter@68a1906f, org.springframework.security.web.context.SecurityContextHolderFilter@1bab3926, org.springframework.security.web.header.HeaderWriterFilter@3bcebb8f, org.springframework.web.filter.CorsFilter@558bff39, org.springframework.security.web.authentication.logout.LogoutFilter@77b987f3, br.org.cadi.auth.JwtAuthenticationFilter@6cc022ac, org.springframework.security.web.savedrequest.RequestCacheAwareFilter@418f5f63, org.springframework.security.web.servletapi.SecurityContextHolderAwareRequestFilter@6a225642, org.springframework.security.web.authentication.AnonymousAuthenticationFilter@7e01d838, org.springframework.security.web.session.SessionManagementFilter@71fa6aa7, org.springframework.security.web.access.ExceptionTranslationFilter@6fc98c70, org.springframework.security.web.access.intercept.AuthorizationFilter@d7b20d9]
2026-02-27T17:01:57.920Z  INFO 34409 --- [cadi-backend] [           main] o.s.b.a.h2.H2ConsoleAutoConfiguration    : H2 console available at '/h2-console'. Database available at 'jdbc:h2:mem:cadidb'
2026-02-27T17:01:58.010Z  INFO 34409 --- [cadi-backend] [           main] o.s.a.r.c.CachingConnectionFactory       : Attempting to connect to: [localhost:5672]
2026-02-27T17:01:58.026Z  INFO 34409 --- [cadi-backend] [           main] o.s.a.r.l.SimpleMessageListenerContainer : Broker not available; cannot force queue declarations during start: java.net.ConnectException: Connection refused
2026-02-27T17:01:58.035Z  INFO 34409 --- [cadi-backend] [ntContainer#0-1] o.s.a.r.c.CachingConnectionFactory       : Attempting to connect to: [localhost:5672]
2026-02-27T17:01:58.038Z ERROR 34409 --- [cadi-backend] [ntContainer#0-1] o.s.a.r.l.SimpleMessageListenerContainer : Failed to check/redeclare auto-delete queue(s).

org.springframework.amqp.AmqpConnectException: java.net.ConnectException: Connection refused
	at org.springframework.amqp.rabbit.support.RabbitExceptionTranslator.convertRabbitAccessException(RabbitExceptionTranslator.java:61) ~[spring-rabbit-3.1.2.jar:3.1.2]
	at org.springframework.amqp.rabbit.connection.AbstractConnectionFactory.createBareConnection(AbstractConnectionFactory.java:606) ~[spring-rabbit-3.1.2.jar:3.1.2]
	at org.springframework.amqp.rabbit.connection.CachingConnectionFactory.createConnection(CachingConnectionFactory.java:727) ~[spring-rabbit-3.1.2.jar:3.1.2]
	at org.springframework.amqp.rabbit.connection.ConnectionFactoryUtils.createConnection(ConnectionFactoryUtils.java:257) ~[spring-rabbit-3.1.2.jar:3.1.2]
	at org.springframework.amqp.rabbit.core.RabbitTemplate.doExecute(RabbitTemplate.java:2249) ~[spring-rabbit-3.1.2.jar:3.1.2]
	at org.springframework.amqp.rabbit.core.RabbitTemplate.execute(RabbitTemplate.java:2222) ~[spring-rabbit-3.1.2.jar:3.1.2]
	at org.springframework.amqp.rabbit.core.RabbitTemplate.execute(RabbitTemplate.java:2202) ~[spring-rabbit-3.1.2.jar:3.1.2]
	at org.springframework.amqp.rabbit.core.RabbitAdmin.getQueueInfo(RabbitAdmin.java:467) ~[spring-rabbit-3.1.2.jar:3.1.2]
	at org.springframework.amqp.rabbit.core.RabbitAdmin.getQueueProperties(RabbitAdmin.java:451) ~[spring-rabbit-3.1.2.jar:3.1.2]
	at org.springframework.amqp.rabbit.listener.AbstractMessageListenerContainer.attemptDeclarations(AbstractMessageListenerContainer.java:1960) ~[spring-rabbit-3.1.2.jar:3.1.2]
	at org.springframework.amqp.rabbit.listener.AbstractMessageListenerContainer.redeclareElementsIfNecessary(AbstractMessageListenerContainer.java:1924) ~[spring-rabbit-3.1.2.jar:3.1.2]
	at org.springframework.amqp.rabbit.listener.SimpleMessageListenerContainer$AsyncMessageProcessingConsumer.initialize(SimpleMessageListenerContainer.java:1480) ~[spring-rabbit-3.1.2.jar:3.1.2]
	at org.springframework.amqp.rabbit.listener.SimpleMessageListenerContainer$AsyncMessageProcessingConsumer.run(SimpleMessageListenerContainer.java:1322) ~[spring-rabbit-3.1.2.jar:3.1.2]
	at java.base/java.lang.Thread.run(Thread.java:1583) ~[na:na]
Caused by: java.net.ConnectException: Connection refused
	at java.base/sun.nio.ch.Net.pollConnect(Native Method) ~[na:na]
	at java.base/sun.nio.ch.Net.pollConnectNow(Net.java:682) ~[na:na]
	at java.base/sun.nio.ch.NioSocketImpl.timedFinishConnect(NioSocketImpl.java:542) ~[na:na]
	at java.base/sun.nio.ch.NioSocketImpl.connect(NioSocketImpl.java:592) ~[na:na]
	at java.base/java.net.SocksSocketImpl.connect(SocksSocketImpl.java:327) ~[na:na]
	at java.base/java.net.Socket.connect(Socket.java:751) ~[na:na]
	at com.rabbitmq.client.impl.SocketFrameHandlerFactory.create(SocketFrameHandlerFactory.java:61) ~[amqp-client-5.19.0.jar:5.19.0]
	at com.rabbitmq.client.ConnectionFactory.newConnection(ConnectionFactory.java:1249) ~[amqp-client-5.19.0.jar:5.19.0]
	at com.rabbitmq.client.ConnectionFactory.newConnection(ConnectionFactory.java:1198) ~[amqp-client-5.19.0.jar:5.19.0]
	at org.springframework.amqp.rabbit.connection.AbstractConnectionFactory.connectAddresses(AbstractConnectionFactory.java:652) ~[spring-rabbit-3.1.2.jar:3.1.2]
	at org.springframework.amqp.rabbit.connection.AbstractConnectionFactory.connect(AbstractConnectionFactory.java:621) ~[spring-rabbit-3.1.2.jar:3.1.2]
	at org.springframework.amqp.rabbit.connection.AbstractConnectionFactory.createBareConnection(AbstractConnectionFactory.java:568) ~[spring-rabbit-3.1.2.jar:3.1.2]
	... 12 common frames omitted

2026-02-27T17:01:58.046Z  INFO 34409 --- [cadi-backend] [ntContainer#0-1] o.s.a.r.c.CachingConnectionFactory       : Attempting to connect to: [localhost:5672]
2026-02-27T17:01:58.060Z  INFO 34409 --- [cadi-backend] [           main] br.org.cadi.CadiApplicationTests         : Started CadiApplicationTests in 6.865 seconds (process running for 7.936)
Hibernate: select r1_0.id,r1_0.name from roles r1_0 where r1_0.name=?
Hibernate: insert into roles (name,id) values (?,default)
Hibernate: select r1_0.id,r1_0.name from roles r1_0 where r1_0.name=?
Hibernate: insert into roles (name,id) values (?,default)
Hibernate: select r1_0.id,r1_0.name from roles r1_0 where r1_0.name=?
Hibernate: insert into roles (name,id) values (?,default)
Hibernate: select r1_0.id,r1_0.name from roles r1_0 where r1_0.name=?
Hibernate: insert into roles (name,id) values (?,default)
Hibernate: select r1_0.id,r1_0.name from roles r1_0 where r1_0.name=?
Hibernate: insert into roles (name,id) values (?,default)
Hibernate: select r1_0.id,r1_0.name from roles r1_0 where r1_0.name=?
Hibernate: insert into roles (name,id) values (?,default)
OpenJDK 64-Bit Server VM warning: Sharing is only supported for boot loader classes because bootstrap classpath has been appended
WARNING: A Java agent has been loaded dynamically (/home/jules/.m2/repository/net/bytebuddy/byte-buddy-agent/1.14.12/byte-buddy-agent-1.14.12.jar)
WARNING: If a serviceability tool is in use, please run with -XX:+EnableDynamicAgentLoading to hide this warning
WARNING: If a serviceability tool is not in use, please run with -Djdk.instrument.traceUsage for more information
WARNING: Dynamic loading of agents will be disallowed by default in a future release
[INFO] Tests run: 1, Failures: 0, Errors: 0, Skipped: 0, Time elapsed: 8.107 s -- in br.org.cadi.CadiApplicationTests
[INFO]
[INFO] Results:
[INFO]
[INFO] Tests run: 1, Failures: 0, Errors: 0, Skipped: 0
[INFO]
[INFO] ------------------------------------------------------------------------
[INFO] BUILD SUCCESS
[INFO] ------------------------------------------------------------------------
[INFO] Total time:  10.396 s
[INFO] Finished at: 2026-02-27T17:01:58Z
[INFO] ------------------------------------------------------------------------
